\BOOKMARK [0][-]{chapter.1}{\376\377\0001\000\040\004\020\004\073\004\104\004\060\004\062\004\070\004\102\004\075\004\113\004\071\000\040\004\103\004\072\004\060\004\067\004\060\004\102\004\065\004\073\004\114\000\040\004\077\004\100\004\076\004\101\004\102\004\100\004\060\004\075\004\101\004\102\004\062\000\040\004\070\004\074\004\065\004\075}{}% 1
\BOOKMARK [1][-]{section.1.1}{\376\377\0001\000.\0001\000\040\004\037\004\100\004\076\004\101\004\102\004\100\004\060\004\075\004\101\004\102\004\062\004\060\000\040\004\070\004\074\004\065\004\075}{chapter.1}% 2
\BOOKMARK [0][-]{chapter.2}{\376\377\0002\000\040\004\030\004\065\004\100\004\060\004\100\004\105\004\070\004\107\004\065\004\101\004\072\004\070\004\071\000\040\004\101\004\077\004\070\004\101\004\076\004\072\000\040\004\072\004\073\004\060\004\101\004\101\004\076\004\062}{}% 3
\BOOKMARK [1][-]{section.2.1}{\376\377\0002\000.\0001\000\040\004\030\004\065\004\100\004\060\004\100\004\105\004\070\004\117\000\040\004\072\004\073\004\060\004\101\004\101\004\076\004\062}{chapter.2}% 4
\BOOKMARK [0][-]{chapter.3}{\376\377\0003\000\040\004\020\004\073\004\104\004\060\004\062\004\070\004\102\004\075\004\113\004\071\000\040\004\103\004\072\004\060\004\067\004\060\004\102\004\065\004\073\004\114\000\040\004\072\004\073\004\060\004\101\004\101\004\076\004\062}{}% 5
\BOOKMARK [1][-]{section.3.1}{\376\377\0003\000.\0001\000\040\004\032\004\073\004\060\004\101\004\101\004\113}{chapter.3}% 6
\BOOKMARK [0][-]{chapter.4}{\376\377\0004\000\040\004\041\004\077\004\070\004\101\004\076\004\072\000\040\004\104\004\060\004\071\004\073\004\076\004\062}{}% 7
\BOOKMARK [1][-]{section.4.1}{\376\377\0004\000.\0001\000\040\004\044\004\060\004\071\004\073\004\113}{chapter.4}% 8
\BOOKMARK [0][-]{chapter.5}{\376\377\0005\000\040\004\037\004\100\004\076\004\101\004\102\004\100\004\060\004\075\004\101\004\102\004\062\004\060\000\040\004\070\004\074\004\065\004\075}{}% 9
\BOOKMARK [1][-]{section.5.1}{\376\377\0005\000.\0001\000\040\004\037\004\100\004\076\004\101\004\102\004\100\004\060\004\075\004\101\004\102\004\062\004\076\000\040\004\070\004\074\004\065\004\075\000\040\000U\000i}{chapter.5}% 10
\BOOKMARK [0][-]{chapter.6}{\376\377\0006\000\040\004\032\004\073\004\060\004\101\004\101\004\113}{}% 11
\BOOKMARK [1][-]{section.6.1}{\376\377\0006\000.\0001\000\040\004\032\004\073\004\060\004\101\004\101\000\040\000C\000a\000r\000W\000i\000n\000d\000o\000w}{chapter.6}% 12
\BOOKMARK [2][-]{subsection.6.1.1}{\376\377\0006\000.\0001\000.\0001\000\040\004\037\004\076\004\064\004\100\004\076\004\061\004\075\004\076\004\065\000\040\004\076\004\077\004\070\004\101\004\060\004\075\004\070\004\065}{section.6.1}% 13
\BOOKMARK [2][-]{subsection.6.1.2}{\376\377\0006\000.\0001\000.\0002\000\040\004\032\004\076\004\075\004\101\004\102\004\100\004\103\004\072\004\102\004\076\004\100\000\050\004\113\000\051}{section.6.1}% 14
\BOOKMARK [3][-]{subsubsection.6.1.2.1}{\376\377\0006\000.\0001\000.\0002\000.\0001\000\040\000C\000a\000r\000W\000i\000n\000d\000o\000w\000\050\000\051}{subsection.6.1.2}% 15
\BOOKMARK [3][-]{subsubsection.6.1.2.2}{\376\377\0006\000.\0001\000.\0002\000.\0002\000\040\000~\000C\000a\000r\000W\000i\000n\000d\000o\000w\000\050\000\051}{subsection.6.1.2}% 16
\BOOKMARK [2][-]{subsection.6.1.3}{\376\377\0006\000.\0001\000.\0003\000\040\004\034\004\065\004\102\004\076\004\064\004\113}{section.6.1}% 17
\BOOKMARK [3][-]{subsubsection.6.1.3.1}{\376\377\0006\000.\0001\000.\0003\000.\0001\000\040\000d\000i\000s\000p\000l\000a\000y\000T\000r\000i\000p\000I\000n\000f\000o}{subsection.6.1.3}% 18
\BOOKMARK [3][-]{subsubsection.6.1.3.2}{\376\377\0006\000.\0001\000.\0003\000.\0002\000\040\000g\000o\000T\000o\000F\000i\000n\000i\000s\000h\000W\000i\000n\000d\000o\000w}{subsection.6.1.3}% 19
\BOOKMARK [3][-]{subsubsection.6.1.3.3}{\376\377\0006\000.\0001\000.\0003\000.\0003\000\040\000o\000n\000\137\000t\000o\000o\000l\000B\000u\000t\000t\000o\000n\000\137\000t\000h\000e\000n\0000\000\137\000c\000l\000i\000c\000k\000e\000d}{subsection.6.1.3}% 20
\BOOKMARK [3][-]{subsubsection.6.1.3.4}{\376\377\0006\000.\0001\000.\0003\000.\0004\000\040\000o\000n\000\137\000t\000o\000o\000l\000B\000u\000t\000t\000o\000n\000\137\000t\000h\000e\000n\0001\000\137\000c\000l\000i\000c\000k\000e\000d}{subsection.6.1.3}% 21
\BOOKMARK [3][-]{subsubsection.6.1.3.5}{\376\377\0006\000.\0001\000.\0003\000.\0005\000\040\000r\000e\000t\000u\000r\000n\000T\000o\000P\000r\000e\000v\000i\000o\000u\000s\000W\000i\000n\000d\000o\000w}{subsection.6.1.3}% 22
\BOOKMARK [3][-]{subsubsection.6.1.3.6}{\376\377\0006\000.\0001\000.\0003\000.\0006\000\040\000s\000e\000t\000T\000r\000i\000p\000I\000d\000\050\000\051}{subsection.6.1.3}% 23
\BOOKMARK [1][-]{section.6.2}{\376\377\0006\000.\0002\000\040\004\032\004\073\004\060\004\101\004\101\000\040\000C\000o\000m\000p\000a\000n\000i\000o\000n\000W\000i\000n\000d\000o\000w}{chapter.6}% 24
\BOOKMARK [2][-]{subsection.6.2.1}{\376\377\0006\000.\0002\000.\0001\000\040\004\037\004\076\004\064\004\100\004\076\004\061\004\075\004\076\004\065\000\040\004\076\004\077\004\070\004\101\004\060\004\075\004\070\004\065}{section.6.2}% 25
\BOOKMARK [2][-]{subsection.6.2.2}{\376\377\0006\000.\0002\000.\0002\000\040\004\032\004\076\004\075\004\101\004\102\004\100\004\103\004\072\004\102\004\076\004\100\000\050\004\113\000\051}{section.6.2}% 26
\BOOKMARK [3][-]{subsubsection.6.2.2.1}{\376\377\0006\000.\0002\000.\0002\000.\0001\000\040\000C\000o\000m\000p\000a\000n\000i\000o\000n\000W\000i\000n\000d\000o\000w\000\050\000\051}{subsection.6.2.2}% 27
\BOOKMARK [3][-]{subsubsection.6.2.2.2}{\376\377\0006\000.\0002\000.\0002\000.\0002\000\040\000~\000C\000o\000m\000p\000a\000n\000i\000o\000n\000W\000i\000n\000d\000o\000w\000\050\000\051}{subsection.6.2.2}% 28
\BOOKMARK [2][-]{subsection.6.2.3}{\376\377\0006\000.\0002\000.\0003\000\040\004\034\004\065\004\102\004\076\004\064\004\113}{section.6.2}% 29
\BOOKMARK [3][-]{subsubsection.6.2.3.1}{\376\377\0006\000.\0002\000.\0003\000.\0001\000\040\000g\000e\000t\000A\000v\000a\000i\000l\000a\000b\000l\000e\000T\000r\000i\000p\000s\000\050\000\051}{subsection.6.2.3}% 30
\BOOKMARK [3][-]{subsubsection.6.2.3.2}{\376\377\0006\000.\0002\000.\0003\000.\0002\000\040\000g\000o\000T\000o\000C\000a\000r\000W\000i\000n\000d\000o\000w}{subsection.6.2.3}% 31
\BOOKMARK [3][-]{subsubsection.6.2.3.3}{\376\377\0006\000.\0002\000.\0003\000.\0003\000\040\000g\000o\000T\000o\000D\000r\000i\000v\000e\000r\000C\000o\000m\000p\000a\000n\000i\000o\000n\000W\000i\000n\000d\000o\000w}{subsection.6.2.3}% 32
\BOOKMARK [3][-]{subsubsection.6.2.3.4}{\376\377\0006\000.\0002\000.\0003\000.\0004\000\040\000h\000a\000n\000d\000l\000e\000B\000o\000o\000k\000T\000r\000i\000p\000R\000e\000s\000p\000o\000n\000s\000e}{subsection.6.2.3}% 33
\BOOKMARK [3][-]{subsubsection.6.2.3.5}{\376\377\0006\000.\0002\000.\0003\000.\0005\000\040\000h\000a\000n\000d\000l\000e\000F\000i\000n\000d\000T\000r\000i\000p\000R\000e\000s\000p\000o\000n\000s\000e}{subsection.6.2.3}% 34
\BOOKMARK [3][-]{subsubsection.6.2.3.6}{\376\377\0006\000.\0002\000.\0003\000.\0006\000\040\000o\000n\000\137\000l\000i\000s\000t\000W\000i\000d\000g\000e\000t\000\137\000i\000n\000f\000o\000\137\000i\000t\000e\000m\000C\000l\000i\000c\000k\000e\000d}{subsection.6.2.3}% 35
\BOOKMARK [3][-]{subsubsection.6.2.3.7}{\376\377\0006\000.\0002\000.\0003\000.\0007\000\040\000o\000n\000\137\000t\000o\000o\000l\000B\000u\000t\000t\000o\000n\000\137\000t\000h\000e\000n\0000\000\137\000c\000l\000i\000c\000k\000e\000d}{subsection.6.2.3}% 36
\BOOKMARK [3][-]{subsubsection.6.2.3.8}{\376\377\0006\000.\0002\000.\0003\000.\0008\000\040\000o\000n\000\137\000t\000o\000o\000l\000B\000u\000t\000t\000o\000n\000\137\000t\000h\000e\000n\0001\000\137\000c\000l\000i\000c\000k\000e\000d}{subsection.6.2.3}% 37
\BOOKMARK [3][-]{subsubsection.6.2.3.9}{\376\377\0006\000.\0002\000.\0003\000.\0009\000\040\000r\000e\000t\000u\000r\000n\000T\000o\000P\000r\000e\000v\000i\000o\000u\000s\000W\000i\000n\000d\000o\000w}{subsection.6.2.3}% 38
\BOOKMARK [3][-]{subsubsection.6.2.3.10}{\376\377\0006\000.\0002\000.\0003\000.\0001\0000\000\040\000t\000r\000i\000p\000N\000o\000t\000F\000o\000u\000n\000d}{subsection.6.2.3}% 39
\BOOKMARK [1][-]{section.6.3}{\376\377\0006\000.\0003\000\040\004\032\004\073\004\060\004\101\004\101\000\040\000D\000r\000i\000v\000e\000r\000C\000o\000m\000p\000a\000n\000i\000o\000n\000W\000i\000n\000d\000o\000w}{chapter.6}% 40
\BOOKMARK [2][-]{subsection.6.3.1}{\376\377\0006\000.\0003\000.\0001\000\040\004\037\004\076\004\064\004\100\004\076\004\061\004\075\004\076\004\065\000\040\004\076\004\077\004\070\004\101\004\060\004\075\004\070\004\065}{section.6.3}% 41
\BOOKMARK [2][-]{subsection.6.3.2}{\376\377\0006\000.\0003\000.\0002\000\040\004\032\004\076\004\075\004\101\004\102\004\100\004\103\004\072\004\102\004\076\004\100\000\050\004\113\000\051}{section.6.3}% 42
\BOOKMARK [3][-]{subsubsection.6.3.2.1}{\376\377\0006\000.\0003\000.\0002\000.\0001\000\040\000D\000r\000i\000v\000e\000r\000C\000o\000m\000p\000a\000n\000i\000o\000n\000W\000i\000n\000d\000o\000w\000\050\000\051}{subsection.6.3.2}% 43
\BOOKMARK [3][-]{subsubsection.6.3.2.2}{\376\377\0006\000.\0003\000.\0002\000.\0002\000\040\000~\000D\000r\000i\000v\000e\000r\000C\000o\000m\000p\000a\000n\000i\000o\000n\000W\000i\000n\000d\000o\000w\000\050\000\051}{subsection.6.3.2}% 44
\BOOKMARK [2][-]{subsection.6.3.3}{\376\377\0006\000.\0003\000.\0003\000\040\004\034\004\065\004\102\004\076\004\064\004\113}{section.6.3}% 45
\BOOKMARK [3][-]{subsubsection.6.3.3.1}{\376\377\0006\000.\0003\000.\0003\000.\0001\000\040\000g\000o\000T\000o\000C\000o\000m\000p\000a\000n\000i\000o\000n\000W\000i\000n\000d\000o\000w}{subsection.6.3.3}% 46
\BOOKMARK [3][-]{subsubsection.6.3.3.2}{\376\377\0006\000.\0003\000.\0003\000.\0002\000\040\000g\000o\000T\000o\000D\000r\000i\000v\000e\000r\000W\000i\000n\000d\000o\000w}{subsection.6.3.3}% 47
\BOOKMARK [3][-]{subsubsection.6.3.3.3}{\376\377\0006\000.\0003\000.\0003\000.\0003\000\040\000g\000o\000T\000o\000F\000e\000e\000d\000b\000a\000c\000k\000W\000i\000n\000d\000o\000w}{subsection.6.3.3}% 48
\BOOKMARK [3][-]{subsubsection.6.3.3.4}{\376\377\0006\000.\0003\000.\0003\000.\0004\000\040\000r\000e\000t\000u\000r\000n\000T\000o\000P\000r\000e\000v\000i\000o\000u\000s\000W\000i\000n\000d\000o\000w}{subsection.6.3.3}% 49
\BOOKMARK [1][-]{section.6.4}{\376\377\0006\000.\0004\000\040\004\032\004\073\004\060\004\101\004\101\000\040\000D\000r\000i\000v\000e\000r\000W\000i\000n\000d\000o\000w}{chapter.6}% 50
\BOOKMARK [2][-]{subsection.6.4.1}{\376\377\0006\000.\0004\000.\0001\000\040\004\037\004\076\004\064\004\100\004\076\004\061\004\075\004\076\004\065\000\040\004\076\004\077\004\070\004\101\004\060\004\075\004\070\004\065}{section.6.4}% 51
\BOOKMARK [2][-]{subsection.6.4.2}{\376\377\0006\000.\0004\000.\0002\000\040\004\032\004\076\004\075\004\101\004\102\004\100\004\103\004\072\004\102\004\076\004\100\000\050\004\113\000\051}{section.6.4}% 52
\BOOKMARK [3][-]{subsubsection.6.4.2.1}{\376\377\0006\000.\0004\000.\0002\000.\0001\000\040\000D\000r\000i\000v\000e\000r\000W\000i\000n\000d\000o\000w\000\050\000\051}{subsection.6.4.2}% 53
\BOOKMARK [3][-]{subsubsection.6.4.2.2}{\376\377\0006\000.\0004\000.\0002\000.\0002\000\040\000~\000D\000r\000i\000v\000e\000r\000W\000i\000n\000d\000o\000w\000\050\000\051}{subsection.6.4.2}% 54
\BOOKMARK [2][-]{subsection.6.4.3}{\376\377\0006\000.\0004\000.\0003\000\040\004\034\004\065\004\102\004\076\004\064\004\113}{section.6.4}% 55
\BOOKMARK [3][-]{subsubsection.6.4.3.1}{\376\377\0006\000.\0004\000.\0003\000.\0001\000\040\000g\000o\000T\000o\000F\000i\000n\000i\000s\000h\000W\000i\000n\000d\000o\000w}{subsection.6.4.3}% 56
\BOOKMARK [3][-]{subsubsection.6.4.3.2}{\376\377\0006\000.\0004\000.\0003\000.\0002\000\040\000r\000e\000t\000u\000r\000n\000T\000o\000P\000r\000e\000v\000i\000o\000u\000s\000W\000i\000n\000d\000o\000w}{subsection.6.4.3}% 57
\BOOKMARK [1][-]{section.6.5}{\376\377\0006\000.\0005\000\040\004\032\004\073\004\060\004\101\004\101\000\040\000F\000i\000n\000i\000s\000h\000W\000i\000n\000d\000o\000w}{chapter.6}% 58
\BOOKMARK [2][-]{subsection.6.5.1}{\376\377\0006\000.\0005\000.\0001\000\040\004\037\004\076\004\064\004\100\004\076\004\061\004\075\004\076\004\065\000\040\004\076\004\077\004\070\004\101\004\060\004\075\004\070\004\065}{section.6.5}% 59
\BOOKMARK [2][-]{subsection.6.5.2}{\376\377\0006\000.\0005\000.\0002\000\040\004\032\004\076\004\075\004\101\004\102\004\100\004\103\004\072\004\102\004\076\004\100\000\050\004\113\000\051}{section.6.5}% 60
\BOOKMARK [3][-]{subsubsection.6.5.2.1}{\376\377\0006\000.\0005\000.\0002\000.\0001\000\040\000F\000i\000n\000i\000s\000h\000W\000i\000n\000d\000o\000w\000\050\000\051}{subsection.6.5.2}% 61
\BOOKMARK [3][-]{subsubsection.6.5.2.2}{\376\377\0006\000.\0005\000.\0002\000.\0002\000\040\000~\000F\000i\000n\000i\000s\000h\000W\000i\000n\000d\000o\000w\000\050\000\051}{subsection.6.5.2}% 62
\BOOKMARK [2][-]{subsection.6.5.3}{\376\377\0006\000.\0005\000.\0003\000\040\004\034\004\065\004\102\004\076\004\064\004\113}{section.6.5}% 63
\BOOKMARK [3][-]{subsubsection.6.5.3.1}{\376\377\0006\000.\0005\000.\0003\000.\0001\000\040\000r\000e\000t\000u\000r\000n\000T\000o\000M\000a\000i\000n\000W\000i\000n\000d\000o\000w}{subsection.6.5.3}% 64
\BOOKMARK [1][-]{section.6.6}{\376\377\0006\000.\0006\000\040\004\032\004\073\004\060\004\101\004\101\000\040\000L\000o\000g\000i\000n\000W\000i\000n\000d\000o\000w}{chapter.6}% 65
\BOOKMARK [2][-]{subsection.6.6.1}{\376\377\0006\000.\0006\000.\0001\000\040\004\037\004\076\004\064\004\100\004\076\004\061\004\075\004\076\004\065\000\040\004\076\004\077\004\070\004\101\004\060\004\075\004\070\004\065}{section.6.6}% 66
\BOOKMARK [2][-]{subsection.6.6.2}{\376\377\0006\000.\0006\000.\0002\000\040\004\032\004\076\004\075\004\101\004\102\004\100\004\103\004\072\004\102\004\076\004\100\000\050\004\113\000\051}{section.6.6}% 67
\BOOKMARK [3][-]{subsubsection.6.6.2.1}{\376\377\0006\000.\0006\000.\0002\000.\0001\000\040\000L\000o\000g\000i\000n\000W\000i\000n\000d\000o\000w\000\050\000\051}{subsection.6.6.2}% 68
\BOOKMARK [3][-]{subsubsection.6.6.2.2}{\376\377\0006\000.\0006\000.\0002\000.\0002\000\040\000~\000L\000o\000g\000i\000n\000W\000i\000n\000d\000o\000w\000\050\000\051}{subsection.6.6.2}% 69
\BOOKMARK [2][-]{subsection.6.6.3}{\376\377\0006\000.\0006\000.\0003\000\040\004\034\004\065\004\102\004\076\004\064\004\113}{section.6.6}% 70
\BOOKMARK [3][-]{subsubsection.6.6.3.1}{\376\377\0006\000.\0006\000.\0003\000.\0001\000\040\000g\000o\000T\000o\000D\000r\000i\000v\000e\000r\000C\000o\000m\000p\000a\000n\000i\000o\000n\000W\000i\000n\000d\000o\000w}{subsection.6.6.3}% 71
\BOOKMARK [3][-]{subsubsection.6.6.3.2}{\376\377\0006\000.\0006\000.\0003\000.\0002\000\040\000r\000e\000t\000u\000r\000n\000T\000o\000M\000a\000i\000n\000W\000i\000n\000d\000o\000w}{subsection.6.6.3}% 72
\BOOKMARK [1][-]{section.6.7}{\376\377\0006\000.\0007\000\040\004\032\004\073\004\060\004\101\004\101\000\040\000M\000a\000i\000n\000W\000i\000n\000d\000o\000w}{chapter.6}% 73
\BOOKMARK [2][-]{subsection.6.7.1}{\376\377\0006\000.\0007\000.\0001\000\040\004\037\004\076\004\064\004\100\004\076\004\061\004\075\004\076\004\065\000\040\004\076\004\077\004\070\004\101\004\060\004\075\004\070\004\065}{section.6.7}% 74
\BOOKMARK [2][-]{subsection.6.7.2}{\376\377\0006\000.\0007\000.\0002\000\040\004\032\004\076\004\075\004\101\004\102\004\100\004\103\004\072\004\102\004\076\004\100\000\050\004\113\000\051}{section.6.7}% 75
\BOOKMARK [3][-]{subsubsection.6.7.2.1}{\376\377\0006\000.\0007\000.\0002\000.\0001\000\040\000M\000a\000i\000n\000W\000i\000n\000d\000o\000w\000\050\000\051}{subsection.6.7.2}% 76
\BOOKMARK [3][-]{subsubsection.6.7.2.2}{\376\377\0006\000.\0007\000.\0002\000.\0002\000\040\000~\000M\000a\000i\000n\000W\000i\000n\000d\000o\000w\000\050\000\051}{subsection.6.7.2}% 77
\BOOKMARK [2][-]{subsection.6.7.3}{\376\377\0006\000.\0007\000.\0003\000\040\004\034\004\065\004\102\004\076\004\064\004\113}{section.6.7}% 78
\BOOKMARK [3][-]{subsubsection.6.7.3.1}{\376\377\0006\000.\0007\000.\0003\000.\0001\000\040\000l\000o\000g\000i\000n\000B\000u\000t\000t\000o\000n\000C\000l\000i\000c\000k\000e\000d}{subsection.6.7.3}% 79
\BOOKMARK [3][-]{subsubsection.6.7.3.2}{\376\377\0006\000.\0007\000.\0003\000.\0002\000\040\000r\000e\000g\000i\000s\000t\000r\000a\000t\000i\000o\000n\000B\000u\000t\000t\000o\000n\000C\000l\000i\000c\000k\000e\000d}{subsection.6.7.3}% 80
\BOOKMARK [1][-]{section.6.8}{\376\377\0006\000.\0008\000\040\004\032\004\073\004\060\004\101\004\101\000\040\000M\000a\000n\000a\000g\000e\000r\000F\000o\000r\000m}{chapter.6}% 81
\BOOKMARK [2][-]{subsection.6.8.1}{\376\377\0006\000.\0008\000.\0001\000\040\004\037\004\076\004\064\004\100\004\076\004\061\004\075\004\076\004\065\000\040\004\076\004\077\004\070\004\101\004\060\004\075\004\070\004\065}{section.6.8}% 82
\BOOKMARK [1][-]{section.6.9}{\376\377\0006\000.\0009\000\040\004\032\004\073\004\060\004\101\004\101\000\040\000N\000e\000t\000w\000o\000r\000k\000C\000l\000i\000e\000n\000t}{chapter.6}% 83
\BOOKMARK [2][-]{subsection.6.9.1}{\376\377\0006\000.\0009\000.\0001\000\040\004\037\004\076\004\064\004\100\004\076\004\061\004\075\004\076\004\065\000\040\004\076\004\077\004\070\004\101\004\060\004\075\004\070\004\065}{section.6.9}% 84
\BOOKMARK [2][-]{subsection.6.9.2}{\376\377\0006\000.\0009\000.\0002\000\040\004\032\004\076\004\075\004\101\004\102\004\100\004\103\004\072\004\102\004\076\004\100\000\050\004\113\000\051}{section.6.9}% 85
\BOOKMARK [3][-]{subsubsection.6.9.2.1}{\376\377\0006\000.\0009\000.\0002\000.\0001\000\040\000N\000e\000t\000w\000o\000r\000k\000C\000l\000i\000e\000n\000t\000\050\000\051}{subsection.6.9.2}% 86
\BOOKMARK [2][-]{subsection.6.9.3}{\376\377\0006\000.\0009\000.\0003\000\040\004\034\004\065\004\102\004\076\004\064\004\113}{section.6.9}% 87
\BOOKMARK [3][-]{subsubsection.6.9.3.1}{\376\377\0006\000.\0009\000.\0003\000.\0001\000\040\000\137\000r\000e\000a\000d\000y\000R\000e\000a\000d}{subsection.6.9.3}% 88
\BOOKMARK [3][-]{subsubsection.6.9.3.2}{\376\377\0006\000.\0009\000.\0003\000.\0002\000\040\000a\000u\000t\000h\000F\000a\000i\000l\000e\000d}{subsection.6.9.3}% 89
\BOOKMARK [3][-]{subsubsection.6.9.3.3}{\376\377\0006\000.\0009\000.\0003\000.\0003\000\040\000a\000u\000t\000h\000S\000u\000c\000c\000e\000s\000s}{subsection.6.9.3}% 90
\BOOKMARK [3][-]{subsubsection.6.9.3.4}{\376\377\0006\000.\0009\000.\0003\000.\0004\000\040\000b\000o\000o\000k\000T\000r\000i\000p\000R\000e\000s\000p\000o\000n\000s\000e}{subsection.6.9.3}% 91
\BOOKMARK [3][-]{subsubsection.6.9.3.5}{\376\377\0006\000.\0009\000.\0003\000.\0005\000\040\000c\000o\000n\000n\000e\000c\000t\000e\000d\000T\000o\000S\000e\000r\000v\000e\000r}{subsection.6.9.3}% 92
\BOOKMARK [3][-]{subsubsection.6.9.3.6}{\376\377\0006\000.\0009\000.\0003\000.\0006\000\040\000c\000o\000n\000n\000e\000c\000t\000i\000o\000n\000S\000t\000a\000t\000u\000s\000C\000h\000a\000n\000g\000e\000d}{subsection.6.9.3}% 93
\BOOKMARK [3][-]{subsubsection.6.9.3.7}{\376\377\0006\000.\0009\000.\0003\000.\0007\000\040\000c\000o\000n\000n\000e\000c\000t\000T\000o\000S\000e\000r\000v\000e\000r\000\050\000\051}{subsection.6.9.3}% 94
\BOOKMARK [3][-]{subsubsection.6.9.3.8}{\376\377\0006\000.\0009\000.\0003\000.\0008\000\040\000d\000i\000s\000c\000o\000n\000n\000e\000c\000t\000e\000d\000F\000r\000o\000m\000S\000e\000r\000v\000e\000r}{subsection.6.9.3}% 95
\BOOKMARK [3][-]{subsubsection.6.9.3.9}{\376\377\0006\000.\0009\000.\0003\000.\0009\000\040\000e\000r\000r\000o\000r}{subsection.6.9.3}% 96
\BOOKMARK [3][-]{subsubsection.6.9.3.10}{\376\377\0006\000.\0009\000.\0003\000.\0001\0000\000\040\000g\000e\000t\000I\000n\000s\000t\000a\000n\000c\000e\000\050\000\051}{subsection.6.9.3}% 97
\BOOKMARK [3][-]{subsubsection.6.9.3.11}{\376\377\0006\000.\0009\000.\0003\000.\0001\0001\000\040\000g\000e\000t\000L\000o\000g\000i\000n\000\050\000\051}{subsection.6.9.3}% 98
\BOOKMARK [3][-]{subsubsection.6.9.3.12}{\376\377\0006\000.\0009\000.\0003\000.\0001\0002\000\040\000o\000p\000e\000r\000a\000t\000o\000r\000=\000\050\000\051}{subsection.6.9.3}% 99
\BOOKMARK [3][-]{subsubsection.6.9.3.13}{\376\377\0006\000.\0009\000.\0003\000.\0001\0003\000\040\000r\000e\000a\000d\000y\000R\000e\000a\000d}{subsection.6.9.3}% 100
\BOOKMARK [3][-]{subsubsection.6.9.3.14}{\376\377\0006\000.\0009\000.\0003\000.\0001\0004\000\040\000r\000e\000g\000F\000a\000i\000l\000e\000d}{subsection.6.9.3}% 101
\BOOKMARK [3][-]{subsubsection.6.9.3.15}{\376\377\0006\000.\0009\000.\0003\000.\0001\0005\000\040\000r\000e\000g\000S\000u\000c\000c\000e\000s\000s}{subsection.6.9.3}% 102
\BOOKMARK [3][-]{subsubsection.6.9.3.16}{\376\377\0006\000.\0009\000.\0003\000.\0001\0006\000\040\000s\000e\000n\000d\000M\000e\000s\000s\000a\000g\000e\000\050\000\051}{subsection.6.9.3}% 103
\BOOKMARK [3][-]{subsubsection.6.9.3.17}{\376\377\0006\000.\0009\000.\0003\000.\0001\0007\000\040\000s\000o\000c\000k\000e\000t\000E\000r\000r\000o\000r}{subsection.6.9.3}% 104
\BOOKMARK [1][-]{section.6.10}{\376\377\0006\000.\0001\0000\000\040\004\032\004\073\004\060\004\101\004\101\000\040\000R\000e\000g\000i\000s\000t\000r\000a\000t\000i\000o\000n\000W\000i\000n\000d\000o\000w}{chapter.6}% 105
\BOOKMARK [2][-]{subsection.6.10.1}{\376\377\0006\000.\0001\0000\000.\0001\000\040\004\037\004\076\004\064\004\100\004\076\004\061\004\075\004\076\004\065\000\040\004\076\004\077\004\070\004\101\004\060\004\075\004\070\004\065}{section.6.10}% 106
\BOOKMARK [2][-]{subsection.6.10.2}{\376\377\0006\000.\0001\0000\000.\0002\000\040\004\032\004\076\004\075\004\101\004\102\004\100\004\103\004\072\004\102\004\076\004\100\000\050\004\113\000\051}{section.6.10}% 107
\BOOKMARK [3][-]{subsubsection.6.10.2.1}{\376\377\0006\000.\0001\0000\000.\0002\000.\0001\000\040\000R\000e\000g\000i\000s\000t\000r\000a\000t\000i\000o\000n\000W\000i\000n\000d\000o\000w\000\050\000\051}{subsection.6.10.2}% 108
\BOOKMARK [3][-]{subsubsection.6.10.2.2}{\376\377\0006\000.\0001\0000\000.\0002\000.\0002\000\040\000~\000R\000e\000g\000i\000s\000t\000r\000a\000t\000i\000o\000n\000W\000i\000n\000d\000o\000w\000\050\000\051}{subsection.6.10.2}% 109
\BOOKMARK [2][-]{subsection.6.10.3}{\376\377\0006\000.\0001\0000\000.\0003\000\040\004\034\004\065\004\102\004\076\004\064\004\113}{section.6.10}% 110
\BOOKMARK [3][-]{subsubsection.6.10.3.1}{\376\377\0006\000.\0001\0000\000.\0003\000.\0001\000\040\000g\000o\000T\000o\000D\000r\000i\000v\000e\000r\000C\000o\000m\000p\000a\000n\000i\000o\000n\000W\000i\000n\000d\000o\000w}{subsection.6.10.3}% 111
\BOOKMARK [3][-]{subsubsection.6.10.3.2}{\376\377\0006\000.\0001\0000\000.\0003\000.\0002\000\040\000r\000e\000t\000u\000r\000n\000T\000o\000M\000a\000i\000n\000W\000i\000n\000d\000o\000w}{subsection.6.10.3}% 112
\BOOKMARK [1][-]{section.6.11}{\376\377\0006\000.\0001\0001\000\040\004\032\004\073\004\060\004\101\004\101\000\040\000T\000p\000i\000p\000s}{chapter.6}% 113
\BOOKMARK [2][-]{subsection.6.11.1}{\376\377\0006\000.\0001\0001\000.\0001\000\040\004\037\004\076\004\064\004\100\004\076\004\061\004\075\004\076\004\065\000\040\004\076\004\077\004\070\004\101\004\060\004\075\004\070\004\065}{section.6.11}% 114
\BOOKMARK [2][-]{subsection.6.11.2}{\376\377\0006\000.\0001\0001\000.\0002\000\040\004\032\004\076\004\075\004\101\004\102\004\100\004\103\004\072\004\102\004\076\004\100\000\050\004\113\000\051}{section.6.11}% 115
\BOOKMARK [3][-]{subsubsection.6.11.2.1}{\376\377\0006\000.\0001\0001\000.\0002\000.\0001\000\040\000T\000p\000i\000p\000s\000\050\000\051}{subsection.6.11.2}% 116
\BOOKMARK [3][-]{subsubsection.6.11.2.2}{\376\377\0006\000.\0001\0001\000.\0002\000.\0002\000\040\000~\000T\000p\000i\000p\000s\000\050\000\051}{subsection.6.11.2}% 117
\BOOKMARK [2][-]{subsection.6.11.3}{\376\377\0006\000.\0001\0001\000.\0003\000\040\004\034\004\065\004\102\004\076\004\064\004\113}{section.6.11}% 118
\BOOKMARK [3][-]{subsubsection.6.11.3.1}{\376\377\0006\000.\0001\0001\000.\0003\000.\0001\000\040\000f\000i\000n\000i\000s\000h\000e\000d}{subsection.6.11.3}% 119
\BOOKMARK [3][-]{subsubsection.6.11.3.2}{\376\377\0006\000.\0001\0001\000.\0003\000.\0002\000\040\000g\000o\000T\000o\000D\000r\000i\000v\000e\000r\000C\000o\000m\000p\000a\000n\000i\000o\000n\000W\000i\000n\000d\000o\000w}{subsection.6.11.3}% 120
\BOOKMARK [0][-]{chapter.7}{\376\377\0007\000\040\004\044\004\060\004\071\004\073\004\113}{}% 121
\BOOKMARK [1][-]{section.7.1}{\376\377\0007\000.\0001\000\040\004\044\004\060\004\071\004\073\000\040\000c\000l\000i\000e\000n\000t\000/\000c\000a\000r\000w\000i\000n\000d\000o\000w\000.\000c\000p\000p}{chapter.7}% 122
\BOOKMARK [2][-]{subsection.7.1.1}{\376\377\0007\000.\0001\000.\0001\000\040\004\037\004\076\004\064\004\100\004\076\004\061\004\075\004\076\004\065\000\040\004\076\004\077\004\070\004\101\004\060\004\075\004\070\004\065}{section.7.1}% 123
\BOOKMARK [1][-]{section.7.2}{\376\377\0007\000.\0002\000\040\004\044\004\060\004\071\004\073\000\040\000c\000l\000i\000e\000n\000t\000/\000c\000a\000r\000w\000i\000n\000d\000o\000w\000.\000h}{chapter.7}% 124
\BOOKMARK [2][-]{subsection.7.2.1}{\376\377\0007\000.\0002\000.\0001\000\040\004\037\004\076\004\064\004\100\004\076\004\061\004\075\004\076\004\065\000\040\004\076\004\077\004\070\004\101\004\060\004\075\004\070\004\065}{section.7.2}% 125
\BOOKMARK [1][-]{section.7.3}{\376\377\0007\000.\0003\000\040\000c\000a\000r\000w\000i\000n\000d\000o\000w\000.\000h}{chapter.7}% 126
\BOOKMARK [1][-]{section.7.4}{\376\377\0007\000.\0004\000\040\004\044\004\060\004\071\004\073\000\040\000c\000l\000i\000e\000n\000t\000/\000c\000o\000m\000p\000a\000n\000i\000o\000n\000w\000i\000n\000d\000o\000w\000.\000c\000p\000p}{chapter.7}% 127
\BOOKMARK [2][-]{subsection.7.4.1}{\376\377\0007\000.\0004\000.\0001\000\040\004\037\004\076\004\064\004\100\004\076\004\061\004\075\004\076\004\065\000\040\004\076\004\077\004\070\004\101\004\060\004\075\004\070\004\065}{section.7.4}% 128
\BOOKMARK [1][-]{section.7.5}{\376\377\0007\000.\0005\000\040\004\044\004\060\004\071\004\073\000\040\000c\000l\000i\000e\000n\000t\000/\000c\000o\000m\000p\000a\000n\000i\000o\000n\000w\000i\000n\000d\000o\000w\000.\000h}{chapter.7}% 129
\BOOKMARK [2][-]{subsection.7.5.1}{\376\377\0007\000.\0005\000.\0001\000\040\004\037\004\076\004\064\004\100\004\076\004\061\004\075\004\076\004\065\000\040\004\076\004\077\004\070\004\101\004\060\004\075\004\070\004\065}{section.7.5}% 130
\BOOKMARK [1][-]{section.7.6}{\376\377\0007\000.\0006\000\040\000c\000o\000m\000p\000a\000n\000i\000o\000n\000w\000i\000n\000d\000o\000w\000.\000h}{chapter.7}% 131
\BOOKMARK [1][-]{section.7.7}{\376\377\0007\000.\0007\000\040\004\044\004\060\004\071\004\073\000\040\000c\000l\000i\000e\000n\000t\000/\000d\000r\000i\000v\000e\000r\000c\000o\000m\000p\000a\000n\000i\000o\000n\000w\000i\000n\000d\000o\000w\000.\000c\000p\000p}{chapter.7}% 132
\BOOKMARK [2][-]{subsection.7.7.1}{\376\377\0007\000.\0007\000.\0001\000\040\004\037\004\076\004\064\004\100\004\076\004\061\004\075\004\076\004\065\000\040\004\076\004\077\004\070\004\101\004\060\004\075\004\070\004\065}{section.7.7}% 133
\BOOKMARK [1][-]{section.7.8}{\376\377\0007\000.\0008\000\040\004\044\004\060\004\071\004\073\000\040\000c\000l\000i\000e\000n\000t\000/\000d\000r\000i\000v\000e\000r\000c\000o\000m\000p\000a\000n\000i\000o\000n\000w\000i\000n\000d\000o\000w\000.\000h}{chapter.7}% 134
\BOOKMARK [2][-]{subsection.7.8.1}{\376\377\0007\000.\0008\000.\0001\000\040\004\037\004\076\004\064\004\100\004\076\004\061\004\075\004\076\004\065\000\040\004\076\004\077\004\070\004\101\004\060\004\075\004\070\004\065}{section.7.8}% 135
\BOOKMARK [1][-]{section.7.9}{\376\377\0007\000.\0009\000\040\000d\000r\000i\000v\000e\000r\000c\000o\000m\000p\000a\000n\000i\000o\000n\000w\000i\000n\000d\000o\000w\000.\000h}{chapter.7}% 136
\BOOKMARK [1][-]{section.7.10}{\376\377\0007\000.\0001\0000\000\040\004\044\004\060\004\071\004\073\000\040\000c\000l\000i\000e\000n\000t\000/\000d\000r\000i\000v\000e\000r\000w\000i\000n\000d\000o\000w\000.\000c\000p\000p}{chapter.7}% 137
\BOOKMARK [2][-]{subsection.7.10.1}{\376\377\0007\000.\0001\0000\000.\0001\000\040\004\037\004\076\004\064\004\100\004\076\004\061\004\075\004\076\004\065\000\040\004\076\004\077\004\070\004\101\004\060\004\075\004\070\004\065}{section.7.10}% 138
\BOOKMARK [1][-]{section.7.11}{\376\377\0007\000.\0001\0001\000\040\004\044\004\060\004\071\004\073\000\040\000c\000l\000i\000e\000n\000t\000/\000d\000r\000i\000v\000e\000r\000w\000i\000n\000d\000o\000w\000.\000h}{chapter.7}% 139
\BOOKMARK [2][-]{subsection.7.11.1}{\376\377\0007\000.\0001\0001\000.\0001\000\040\004\037\004\076\004\064\004\100\004\076\004\061\004\075\004\076\004\065\000\040\004\076\004\077\004\070\004\101\004\060\004\075\004\070\004\065}{section.7.11}% 140
\BOOKMARK [1][-]{section.7.12}{\376\377\0007\000.\0001\0002\000\040\000d\000r\000i\000v\000e\000r\000w\000i\000n\000d\000o\000w\000.\000h}{chapter.7}% 141
\BOOKMARK [1][-]{section.7.13}{\376\377\0007\000.\0001\0003\000\040\004\044\004\060\004\071\004\073\000\040\000c\000l\000i\000e\000n\000t\000/\000f\000e\000e\000t\000b\000a\000c\000k\000.\000c\000p\000p}{chapter.7}% 142
\BOOKMARK [2][-]{subsection.7.13.1}{\376\377\0007\000.\0001\0003\000.\0001\000\040\004\037\004\076\004\064\004\100\004\076\004\061\004\075\004\076\004\065\000\040\004\076\004\077\004\070\004\101\004\060\004\075\004\070\004\065}{section.7.13}% 143
\BOOKMARK [1][-]{section.7.14}{\376\377\0007\000.\0001\0004\000\040\004\044\004\060\004\071\004\073\000\040\000c\000l\000i\000e\000n\000t\000/\000f\000e\000e\000t\000b\000a\000c\000k\000.\000h}{chapter.7}% 144
\BOOKMARK [2][-]{subsection.7.14.1}{\376\377\0007\000.\0001\0004\000.\0001\000\040\004\037\004\076\004\064\004\100\004\076\004\061\004\075\004\076\004\065\000\040\004\076\004\077\004\070\004\101\004\060\004\075\004\070\004\065}{section.7.14}% 145
\BOOKMARK [1][-]{section.7.15}{\376\377\0007\000.\0001\0005\000\040\000f\000e\000e\000t\000b\000a\000c\000k\000.\000h}{chapter.7}% 146
\BOOKMARK [1][-]{section.7.16}{\376\377\0007\000.\0001\0006\000\040\004\044\004\060\004\071\004\073\000\040\000c\000l\000i\000e\000n\000t\000/\000f\000i\000n\000i\000s\000h\000w\000i\000n\000d\000o\000w\000.\000c\000p\000p}{chapter.7}% 147
\BOOKMARK [2][-]{subsection.7.16.1}{\376\377\0007\000.\0001\0006\000.\0001\000\040\004\037\004\076\004\064\004\100\004\076\004\061\004\075\004\076\004\065\000\040\004\076\004\077\004\070\004\101\004\060\004\075\004\070\004\065}{section.7.16}% 148
\BOOKMARK [1][-]{section.7.17}{\376\377\0007\000.\0001\0007\000\040\004\044\004\060\004\071\004\073\000\040\000c\000l\000i\000e\000n\000t\000/\000f\000i\000n\000i\000s\000h\000w\000i\000n\000d\000o\000w\000.\000h}{chapter.7}% 149
\BOOKMARK [2][-]{subsection.7.17.1}{\376\377\0007\000.\0001\0007\000.\0001\000\040\004\037\004\076\004\064\004\100\004\076\004\061\004\075\004\076\004\065\000\040\004\076\004\077\004\070\004\101\004\060\004\075\004\070\004\065}{section.7.17}% 150
\BOOKMARK [1][-]{section.7.18}{\376\377\0007\000.\0001\0008\000\040\000f\000i\000n\000i\000s\000h\000w\000i\000n\000d\000o\000w\000.\000h}{chapter.7}% 151
\BOOKMARK [1][-]{section.7.19}{\376\377\0007\000.\0001\0009\000\040\004\044\004\060\004\071\004\073\000\040\000c\000l\000i\000e\000n\000t\000/\000l\000o\000g\000i\000n\000w\000i\000n\000d\000o\000w\000.\000c\000p\000p}{chapter.7}% 152
\BOOKMARK [2][-]{subsection.7.19.1}{\376\377\0007\000.\0001\0009\000.\0001\000\040\004\037\004\076\004\064\004\100\004\076\004\061\004\075\004\076\004\065\000\040\004\076\004\077\004\070\004\101\004\060\004\075\004\070\004\065}{section.7.19}% 153
\BOOKMARK [1][-]{section.7.20}{\376\377\0007\000.\0002\0000\000\040\004\044\004\060\004\071\004\073\000\040\000c\000l\000i\000e\000n\000t\000/\000l\000o\000g\000i\000n\000w\000i\000n\000d\000o\000w\000.\000h}{chapter.7}% 154
\BOOKMARK [2][-]{subsection.7.20.1}{\376\377\0007\000.\0002\0000\000.\0001\000\040\004\037\004\076\004\064\004\100\004\076\004\061\004\075\004\076\004\065\000\040\004\076\004\077\004\070\004\101\004\060\004\075\004\070\004\065}{section.7.20}% 155
\BOOKMARK [1][-]{section.7.21}{\376\377\0007\000.\0002\0001\000\040\000l\000o\000g\000i\000n\000w\000i\000n\000d\000o\000w\000.\000h}{chapter.7}% 156
\BOOKMARK [1][-]{section.7.22}{\376\377\0007\000.\0002\0002\000\040\004\044\004\060\004\071\004\073\000\040\000c\000l\000i\000e\000n\000t\000/\000m\000a\000i\000n\000.\000c\000p\000p}{chapter.7}% 157
\BOOKMARK [2][-]{subsection.7.22.1}{\376\377\0007\000.\0002\0002\000.\0001\000\040\004\037\004\076\004\064\004\100\004\076\004\061\004\075\004\076\004\065\000\040\004\076\004\077\004\070\004\101\004\060\004\075\004\070\004\065}{section.7.22}% 158
\BOOKMARK [2][-]{subsection.7.22.2}{\376\377\0007\000.\0002\0002\000.\0002\000\040\004\044\004\103\004\075\004\072\004\106\004\070\004\070}{section.7.22}% 159
\BOOKMARK [3][-]{subsubsection.7.22.2.1}{\376\377\0007\000.\0002\0002\000.\0002\000.\0001\000\040\000m\000a\000i\000n\000\050\000\051}{subsection.7.22.2}% 160
\BOOKMARK [1][-]{section.7.23}{\376\377\0007\000.\0002\0003\000\040\004\044\004\060\004\071\004\073\000\040\000c\000l\000i\000e\000n\000t\000/\000m\000a\000i\000n\000w\000i\000n\000d\000o\000w\000.\000c\000p\000p}{chapter.7}% 161
\BOOKMARK [2][-]{subsection.7.23.1}{\376\377\0007\000.\0002\0003\000.\0001\000\040\004\037\004\076\004\064\004\100\004\076\004\061\004\075\004\076\004\065\000\040\004\076\004\077\004\070\004\101\004\060\004\075\004\070\004\065}{section.7.23}% 162
\BOOKMARK [1][-]{section.7.24}{\376\377\0007\000.\0002\0004\000\040\004\044\004\060\004\071\004\073\000\040\000c\000l\000i\000e\000n\000t\000/\000m\000a\000i\000n\000w\000i\000n\000d\000o\000w\000.\000h}{chapter.7}% 163
\BOOKMARK [2][-]{subsection.7.24.1}{\376\377\0007\000.\0002\0004\000.\0001\000\040\004\037\004\076\004\064\004\100\004\076\004\061\004\075\004\076\004\065\000\040\004\076\004\077\004\070\004\101\004\060\004\075\004\070\004\065}{section.7.24}% 164
\BOOKMARK [1][-]{section.7.25}{\376\377\0007\000.\0002\0005\000\040\000m\000a\000i\000n\000w\000i\000n\000d\000o\000w\000.\000h}{chapter.7}% 165
\BOOKMARK [1][-]{section.7.26}{\376\377\0007\000.\0002\0006\000\040\004\044\004\060\004\071\004\073\000\040\000c\000l\000i\000e\000n\000t\000/\000m\000a\000n\000a\000g\000e\000r\000f\000o\000r\000m\000.\000c\000p\000p}{chapter.7}% 166
\BOOKMARK [2][-]{subsection.7.26.1}{\376\377\0007\000.\0002\0006\000.\0001\000\040\004\037\004\076\004\064\004\100\004\076\004\061\004\075\004\076\004\065\000\040\004\076\004\077\004\070\004\101\004\060\004\075\004\070\004\065}{section.7.26}% 167
\BOOKMARK [1][-]{section.7.27}{\376\377\0007\000.\0002\0007\000\040\004\044\004\060\004\071\004\073\000\040\000c\000l\000i\000e\000n\000t\000/\000m\000a\000n\000a\000g\000e\000r\000f\000o\000r\000m\000.\000h}{chapter.7}% 168
\BOOKMARK [2][-]{subsection.7.27.1}{\376\377\0007\000.\0002\0007\000.\0001\000\040\004\037\004\076\004\064\004\100\004\076\004\061\004\075\004\076\004\065\000\040\004\076\004\077\004\070\004\101\004\060\004\075\004\070\004\065}{section.7.27}% 169
\BOOKMARK [1][-]{section.7.28}{\376\377\0007\000.\0002\0008\000\040\000m\000a\000n\000a\000g\000e\000r\000f\000o\000r\000m\000.\000h}{chapter.7}% 170
\BOOKMARK [1][-]{section.7.29}{\376\377\0007\000.\0002\0009\000\040\004\044\004\060\004\071\004\073\000\040\000c\000l\000i\000e\000n\000t\000/\000n\000e\000t\000w\000o\000r\000k\000c\000l\000i\000e\000n\000t\000.\000c\000p\000p}{chapter.7}% 171
\BOOKMARK [2][-]{subsection.7.29.1}{\376\377\0007\000.\0002\0009\000.\0001\000\040\004\037\004\076\004\064\004\100\004\076\004\061\004\075\004\076\004\065\000\040\004\076\004\077\004\070\004\101\004\060\004\075\004\070\004\065}{section.7.29}% 172
\BOOKMARK [1][-]{section.7.30}{\376\377\0007\000.\0003\0000\000\040\004\044\004\060\004\071\004\073\000\040\000c\000l\000i\000e\000n\000t\000/\000n\000e\000t\000w\000o\000r\000k\000c\000l\000i\000e\000n\000t\000.\000h}{chapter.7}% 173
\BOOKMARK [2][-]{subsection.7.30.1}{\376\377\0007\000.\0003\0000\000.\0001\000\040\004\037\004\076\004\064\004\100\004\076\004\061\004\075\004\076\004\065\000\040\004\076\004\077\004\070\004\101\004\060\004\075\004\070\004\065}{section.7.30}% 174
\BOOKMARK [1][-]{section.7.31}{\376\377\0007\000.\0003\0001\000\040\000n\000e\000t\000w\000o\000r\000k\000c\000l\000i\000e\000n\000t\000.\000h}{chapter.7}% 175
\BOOKMARK [1][-]{section.7.32}{\376\377\0007\000.\0003\0002\000\040\004\044\004\060\004\071\004\073\000\040\000c\000l\000i\000e\000n\000t\000/\000r\000e\000g\000i\000s\000t\000r\000a\000t\000i\000o\000n\000w\000i\000n\000d\000o\000w\000.\000c\000p\000p}{chapter.7}% 176
\BOOKMARK [2][-]{subsection.7.32.1}{\376\377\0007\000.\0003\0002\000.\0001\000\040\004\037\004\076\004\064\004\100\004\076\004\061\004\075\004\076\004\065\000\040\004\076\004\077\004\070\004\101\004\060\004\075\004\070\004\065}{section.7.32}% 177
\BOOKMARK [1][-]{section.7.33}{\376\377\0007\000.\0003\0003\000\040\004\044\004\060\004\071\004\073\000\040\000c\000l\000i\000e\000n\000t\000/\000r\000e\000g\000i\000s\000t\000r\000a\000t\000i\000o\000n\000w\000i\000n\000d\000o\000w\000.\000h}{chapter.7}% 178
\BOOKMARK [2][-]{subsection.7.33.1}{\376\377\0007\000.\0003\0003\000.\0001\000\040\004\037\004\076\004\064\004\100\004\076\004\061\004\075\004\076\004\065\000\040\004\076\004\077\004\070\004\101\004\060\004\075\004\070\004\065}{section.7.33}% 179
\BOOKMARK [1][-]{section.7.34}{\376\377\0007\000.\0003\0004\000\040\000r\000e\000g\000i\000s\000t\000r\000a\000t\000i\000o\000n\000w\000i\000n\000d\000o\000w\000.\000h}{chapter.7}% 180
\BOOKMARK [0][-]{section*.99}{\376\377\004\037\004\100\004\065\004\064\004\074\004\065\004\102\004\075\004\113\004\071\000\040\004\103\004\072\004\060\004\067\004\060\004\102\004\065\004\073\004\114}{}% 181
