\BOOKMARK [0][-]{chapter.1}{\376\377\0001\000\040\004\030\004\065\004\100\004\060\004\100\004\105\004\070\004\107\004\065\004\101\004\072\004\070\004\071\000\040\004\101\004\077\004\070\004\101\004\076\004\072\000\040\004\072\004\073\004\060\004\101\004\101\004\076\004\062}{}% 1
\BOOKMARK [1][-]{section.1.1}{\376\377\0001\000.\0001\000\040\004\030\004\065\004\100\004\060\004\100\004\105\004\070\004\117\000\040\004\072\004\073\004\060\004\101\004\101\004\076\004\062}{chapter.1}% 2
\BOOKMARK [0][-]{chapter.2}{\376\377\0002\000\040\004\020\004\073\004\104\004\060\004\062\004\070\004\102\004\075\004\113\004\071\000\040\004\103\004\072\004\060\004\067\004\060\004\102\004\065\004\073\004\114\000\040\004\072\004\073\004\060\004\101\004\101\004\076\004\062}{}% 3
\BOOKMARK [1][-]{section.2.1}{\376\377\0002\000.\0001\000\040\004\032\004\073\004\060\004\101\004\101\004\113}{chapter.2}% 4
\BOOKMARK [0][-]{chapter.3}{\376\377\0003\000\040\004\041\004\077\004\070\004\101\004\076\004\072\000\040\004\104\004\060\004\071\004\073\004\076\004\062}{}% 5
\BOOKMARK [1][-]{section.3.1}{\376\377\0003\000.\0001\000\040\004\044\004\060\004\071\004\073\004\113}{chapter.3}% 6
\BOOKMARK [0][-]{chapter.4}{\376\377\0004\000\040\004\032\004\073\004\060\004\101\004\101\004\113}{}% 7
\BOOKMARK [1][-]{section.4.1}{\376\377\0004\000.\0001\000\040\004\032\004\073\004\060\004\101\004\101\000\040\000D\000a\000t\000a\000b\000a\000s\000e}{chapter.4}% 8
\BOOKMARK [2][-]{subsection.4.1.1}{\376\377\0004\000.\0001\000.\0001\000\040\004\037\004\076\004\064\004\100\004\076\004\061\004\075\004\076\004\065\000\040\004\076\004\077\004\070\004\101\004\060\004\075\004\070\004\065}{section.4.1}% 9
\BOOKMARK [2][-]{subsection.4.1.2}{\376\377\0004\000.\0001\000.\0002\000\040\004\034\004\065\004\102\004\076\004\064\004\113}{section.4.1}% 10
\BOOKMARK [3][-]{subsubsection.4.1.2.1}{\376\377\0004\000.\0001\000.\0002\000.\0001\000\040\000a\000d\000d\000U\000s\000e\000r\000\050\000\051}{subsection.4.1.2}% 11
\BOOKMARK [3][-]{subsubsection.4.1.2.2}{\376\377\0004\000.\0001\000.\0002\000.\0002\000\040\000b\000o\000o\000k\000T\000r\000i\000p\000\050\000\051}{subsection.4.1.2}% 12
\BOOKMARK [3][-]{subsubsection.4.1.2.3}{\376\377\0004\000.\0001\000.\0002\000.\0003\000\040\000c\000h\000e\000c\000k\000U\000s\000e\000r\000\050\000\051}{subsection.4.1.2}% 13
\BOOKMARK [3][-]{subsubsection.4.1.2.4}{\376\377\0004\000.\0001\000.\0002\000.\0004\000\040\000c\000r\000e\000a\000t\000e\000T\000a\000b\000l\000e\000\050\000\051}{subsection.4.1.2}% 14
\BOOKMARK [3][-]{subsubsection.4.1.2.5}{\376\377\0004\000.\0001\000.\0002\000.\0005\000\040\000f\000i\000n\000d\000T\000r\000i\000p\000s\000\050\000\051}{subsection.4.1.2}% 15
\BOOKMARK [3][-]{subsubsection.4.1.2.6}{\376\377\0004\000.\0001\000.\0002\000.\0006\000\040\000g\000e\000t\000I\000n\000s\000t\000a\000n\000c\000e\000\050\000\051}{subsection.4.1.2}% 16
\BOOKMARK [3][-]{subsubsection.4.1.2.7}{\376\377\0004\000.\0001\000.\0002\000.\0007\000\040\000g\000e\000t\000T\000r\000i\000p\000s\000\050\000\051}{subsection.4.1.2}% 17
\BOOKMARK [3][-]{subsubsection.4.1.2.8}{\376\377\0004\000.\0001\000.\0002\000.\0008\000\040\000g\000e\000t\000U\000s\000e\000r\000R\000a\000t\000i\000n\000g\000\050\000\051}{subsection.4.1.2}% 18
\BOOKMARK [3][-]{subsubsection.4.1.2.9}{\376\377\0004\000.\0001\000.\0002\000.\0009\000\040\000s\000a\000v\000e\000R\000a\000t\000i\000n\000g\000\050\000\051}{subsection.4.1.2}% 19
\BOOKMARK [3][-]{subsubsection.4.1.2.10}{\376\377\0004\000.\0001\000.\0002\000.\0001\0000\000\040\000s\000a\000v\000e\000R\000e\000v\000i\000e\000w\000\050\000\051}{subsection.4.1.2}% 20
\BOOKMARK [3][-]{subsubsection.4.1.2.11}{\376\377\0004\000.\0001\000.\0002\000.\0001\0001\000\040\000s\000a\000v\000e\000T\000r\000i\000p\000\050\000\051}{subsection.4.1.2}% 21
\BOOKMARK [1][-]{section.4.2}{\376\377\0004\000.\0002\000\040\004\032\004\073\004\060\004\101\004\101\000\040\000M\000y\000T\000c\000p\000S\000e\000r\000v\000e\000r}{chapter.4}% 22
\BOOKMARK [2][-]{subsection.4.2.1}{\376\377\0004\000.\0002\000.\0001\000\040\004\037\004\076\004\064\004\100\004\076\004\061\004\075\004\076\004\065\000\040\004\076\004\077\004\070\004\101\004\060\004\075\004\070\004\065}{section.4.2}% 23
\BOOKMARK [2][-]{subsection.4.2.2}{\376\377\0004\000.\0002\000.\0002\000\040\004\032\004\076\004\075\004\101\004\102\004\100\004\103\004\072\004\102\004\076\004\100\000\050\004\113\000\051}{section.4.2}% 24
\BOOKMARK [3][-]{subsubsection.4.2.2.1}{\376\377\0004\000.\0002\000.\0002\000.\0001\000\040\000M\000y\000T\000c\000p\000S\000e\000r\000v\000e\000r\000\050\000\051}{subsection.4.2.2}% 25
\BOOKMARK [2][-]{subsection.4.2.3}{\376\377\0004\000.\0002\000.\0003\000\040\004\034\004\065\004\102\004\076\004\064\004\113}{section.4.2}% 26
\BOOKMARK [3][-]{subsubsection.4.2.3.1}{\376\377\0004\000.\0002\000.\0003\000.\0001\000\040\000s\000l\000o\000t\000C\000l\000i\000e\000n\000t\000D\000i\000s\000c\000o\000n\000n\000e\000c\000t\000e\000d}{subsection.4.2.3}% 27
\BOOKMARK [3][-]{subsubsection.4.2.3.2}{\376\377\0004\000.\0002\000.\0003\000.\0002\000\040\000s\000l\000o\000t\000N\000e\000w\000C\000o\000n\000n\000e\000c\000t\000i\000o\000n}{subsection.4.2.3}% 28
\BOOKMARK [3][-]{subsubsection.4.2.3.3}{\376\377\0004\000.\0002\000.\0003\000.\0003\000\040\000s\000l\000o\000t\000S\000e\000r\000v\000e\000r\000R\000e\000a\000d}{subsection.4.2.3}% 29
\BOOKMARK [1][-]{section.4.3}{\376\377\0004\000.\0003\000\040\004\032\004\073\004\060\004\101\004\101\000\040\000S\000e\000r\000v\000e\000r\000F\000u\000n\000c\000t\000i\000o\000n}{chapter.4}% 30
\BOOKMARK [2][-]{subsection.4.3.1}{\376\377\0004\000.\0003\000.\0001\000\040\004\037\004\076\004\064\004\100\004\076\004\061\004\075\004\076\004\065\000\040\004\076\004\077\004\070\004\101\004\060\004\075\004\070\004\065}{section.4.3}% 31
\BOOKMARK [2][-]{subsection.4.3.2}{\376\377\0004\000.\0003\000.\0002\000\040\004\034\004\065\004\102\004\076\004\064\004\113}{section.4.3}% 32
\BOOKMARK [3][-]{subsubsection.4.3.2.1}{\376\377\0004\000.\0003\000.\0002\000.\0001\000\040\000h\000a\000n\000d\000l\000e\000A\000u\000t\000h\000\050\000\051}{subsection.4.3.2}% 33
\BOOKMARK [3][-]{subsubsection.4.3.2.2}{\376\377\0004\000.\0003\000.\0002\000.\0002\000\040\000h\000a\000n\000d\000l\000e\000B\000o\000o\000k\000T\000r\000i\000p\000\050\000\051}{subsection.4.3.2}% 34
\BOOKMARK [3][-]{subsubsection.4.3.2.3}{\376\377\0004\000.\0003\000.\0002\000.\0003\000\040\000h\000a\000n\000d\000l\000e\000C\000h\000e\000c\000k\000\050\000\051}{subsection.4.3.2}% 35
\BOOKMARK [3][-]{subsubsection.4.3.2.4}{\376\377\0004\000.\0003\000.\0002\000.\0004\000\040\000h\000a\000n\000d\000l\000e\000F\000i\000n\000d\000T\000r\000i\000p\000\050\000\051}{subsection.4.3.2}% 36
\BOOKMARK [3][-]{subsubsection.4.3.2.5}{\376\377\0004\000.\0003\000.\0002\000.\0005\000\040\000h\000a\000n\000d\000l\000e\000R\000a\000t\000i\000n\000g\000\050\000\051}{subsection.4.3.2}% 37
\BOOKMARK [3][-]{subsubsection.4.3.2.6}{\376\377\0004\000.\0003\000.\0002\000.\0006\000\040\000h\000a\000n\000d\000l\000e\000R\000e\000g\000\050\000\051}{subsection.4.3.2}% 38
\BOOKMARK [3][-]{subsubsection.4.3.2.7}{\376\377\0004\000.\0003\000.\0002\000.\0007\000\040\000h\000a\000n\000d\000l\000e\000R\000e\000v\000i\000e\000w\000\050\000\051}{subsection.4.3.2}% 39
\BOOKMARK [3][-]{subsubsection.4.3.2.8}{\376\377\0004\000.\0003\000.\0002\000.\0008\000\040\000h\000a\000n\000d\000l\000e\000S\000t\000a\000t\000\050\000\051}{subsection.4.3.2}% 40
\BOOKMARK [3][-]{subsubsection.4.3.2.9}{\376\377\0004\000.\0003\000.\0002\000.\0009\000\040\000h\000a\000n\000d\000l\000e\000T\000r\000i\000p\000\050\000\051}{subsection.4.3.2}% 41
\BOOKMARK [0][-]{chapter.5}{\376\377\0005\000\040\004\044\004\060\004\071\004\073\004\113}{}% 42
\BOOKMARK [1][-]{section.5.1}{\376\377\0005\000.\0001\000\040\004\044\004\060\004\071\004\073\000\040\000s\000e\000r\000v\000e\000r\000/\000d\000a\000t\000a\000b\000a\000s\000e\000.\000c\000p\000p}{chapter.5}% 43
\BOOKMARK [2][-]{subsection.5.1.1}{\376\377\0005\000.\0001\000.\0001\000\040\004\037\004\076\004\064\004\100\004\076\004\061\004\075\004\076\004\065\000\040\004\076\004\077\004\070\004\101\004\060\004\075\004\070\004\065}{section.5.1}% 44
\BOOKMARK [1][-]{section.5.2}{\376\377\0005\000.\0002\000\040\004\044\004\060\004\071\004\073\000\040\000s\000e\000r\000v\000e\000r\000/\000d\000a\000t\000a\000b\000a\000s\000e\000.\000h}{chapter.5}% 45
\BOOKMARK [2][-]{subsection.5.2.1}{\376\377\0005\000.\0002\000.\0001\000\040\004\037\004\076\004\064\004\100\004\076\004\061\004\075\004\076\004\065\000\040\004\076\004\077\004\070\004\101\004\060\004\075\004\070\004\065}{section.5.2}% 46
\BOOKMARK [1][-]{section.5.3}{\376\377\0005\000.\0003\000\040\000d\000a\000t\000a\000b\000a\000s\000e\000.\000h}{chapter.5}% 47
\BOOKMARK [1][-]{section.5.4}{\376\377\0005\000.\0004\000\040\004\044\004\060\004\071\004\073\000\040\000s\000e\000r\000v\000e\000r\000/\000m\000a\000i\000n\000.\000c\000p\000p}{chapter.5}% 48
\BOOKMARK [2][-]{subsection.5.4.1}{\376\377\0005\000.\0004\000.\0001\000\040\004\037\004\076\004\064\004\100\004\076\004\061\004\075\004\076\004\065\000\040\004\076\004\077\004\070\004\101\004\060\004\075\004\070\004\065}{section.5.4}% 49
\BOOKMARK [2][-]{subsection.5.4.2}{\376\377\0005\000.\0004\000.\0002\000\040\004\044\004\103\004\075\004\072\004\106\004\070\004\070}{section.5.4}% 50
\BOOKMARK [3][-]{subsubsection.5.4.2.1}{\376\377\0005\000.\0004\000.\0002\000.\0001\000\040\000m\000a\000i\000n\000\050\000\051}{subsection.5.4.2}% 51
\BOOKMARK [1][-]{section.5.5}{\376\377\0005\000.\0005\000\040\004\044\004\060\004\071\004\073\000\040\000s\000e\000r\000v\000e\000r\000/\000m\000y\000t\000c\000p\000s\000e\000r\000v\000e\000r\000.\000c\000p\000p}{chapter.5}% 52
\BOOKMARK [2][-]{subsection.5.5.1}{\376\377\0005\000.\0005\000.\0001\000\040\004\037\004\076\004\064\004\100\004\076\004\061\004\075\004\076\004\065\000\040\004\076\004\077\004\070\004\101\004\060\004\075\004\070\004\065}{section.5.5}% 53
\BOOKMARK [1][-]{section.5.6}{\376\377\0005\000.\0006\000\040\004\044\004\060\004\071\004\073\000\040\000s\000e\000r\000v\000e\000r\000/\000m\000y\000t\000c\000p\000s\000e\000r\000v\000e\000r\000.\000h}{chapter.5}% 54
\BOOKMARK [2][-]{subsection.5.6.1}{\376\377\0005\000.\0006\000.\0001\000\040\004\037\004\076\004\064\004\100\004\076\004\061\004\075\004\076\004\065\000\040\004\076\004\077\004\070\004\101\004\060\004\075\004\070\004\065}{section.5.6}% 55
\BOOKMARK [1][-]{section.5.7}{\376\377\0005\000.\0007\000\040\000m\000y\000t\000c\000p\000s\000e\000r\000v\000e\000r\000.\000h}{chapter.5}% 56
\BOOKMARK [1][-]{section.5.8}{\376\377\0005\000.\0008\000\040\004\044\004\060\004\071\004\073\000\040\000s\000e\000r\000v\000e\000r\000/\000s\000e\000r\000v\000e\000r\000f\000u\000n\000c\000t\000i\000o\000n\000.\000c\000p\000p}{chapter.5}% 57
\BOOKMARK [2][-]{subsection.5.8.1}{\376\377\0005\000.\0008\000.\0001\000\040\004\037\004\076\004\064\004\100\004\076\004\061\004\075\004\076\004\065\000\040\004\076\004\077\004\070\004\101\004\060\004\075\004\070\004\065}{section.5.8}% 58
\BOOKMARK [1][-]{section.5.9}{\376\377\0005\000.\0009\000\040\004\044\004\060\004\071\004\073\000\040\000s\000e\000r\000v\000e\000r\000/\000s\000e\000r\000v\000e\000r\000f\000u\000n\000c\000t\000i\000o\000n\000.\000h}{chapter.5}% 59
\BOOKMARK [2][-]{subsection.5.9.1}{\376\377\0005\000.\0009\000.\0001\000\040\004\037\004\076\004\064\004\100\004\076\004\061\004\075\004\076\004\065\000\040\004\076\004\077\004\070\004\101\004\060\004\075\004\070\004\065}{section.5.9}% 60
\BOOKMARK [1][-]{section.5.10}{\376\377\0005\000.\0001\0000\000\040\000s\000e\000r\000v\000e\000r\000f\000u\000n\000c\000t\000i\000o\000n\000.\000h}{chapter.5}% 61
\BOOKMARK [0][-]{section*.24}{\376\377\004\037\004\100\004\065\004\064\004\074\004\065\004\102\004\075\004\113\004\071\000\040\004\103\004\072\004\060\004\067\004\060\004\102\004\065\004\073\004\114}{}% 62
